**********************
PowerShell transcript start
Start time: 20261009195702
Username: RENEGADE\yashk
RunAs User: RENEGADE\yashk
Configuration Name: 
Machine: RENEGADE (Microsoft Windows NT 10.0.26300.0)
Host Application: C:\Program Files\PowerShell\7\pwsh.dll -NoLogo -NoProfile -NoExit -Command Remove-Module -Name PSReadline;$global:_warpOriginalPrompt = $function:global:prompt;if ($PSEdition -eq 'Desktop' -or $IsWindows) {;    $EP = [Microsoft.PowerShell.ExecutionPolicy];    if ((Get-ExecutionPolicy -Scope MachinePolicy) -eq $EP::Restricted -or (Get-ExecutionPolicy -Scope UserPolicy) -eq $EP::Restricted) {;        Write-Error 'ExecutionPolicy is Restricted. Unable to Warpify this PowerShell session.';    } elseif ((Get-ExecutionPolicy) -eq $EP::Restricted -and (Get-ExecutionPolicy -Scope MachinePolicy) -eq $EP::Undefined -and (Get-ExecutionPolicy -Scope UserPolicy) -eq $EP::Undefined) {;        $global:_warp_PSProcessExecPolicy = $(Get-ExecutionPolicy -Scope Process);        Set-ExecutionPolicy -Scope Process -ExecutionPolicy RemoteSigned -Force;    };};function prompt {;    $function:global:prompt = $global:_warpOriginalPrompt;    $username = [Environment]::UserName;    $global:_warpSessionId = [uint64]9572182392009670548;    $msg = ConvertTo-Json -Compress -InputObject @{ hook = 'InitShell'; value = @{ session_id = $_warpSessionId; shell = 'pwsh'; user = $username; hostname = [System.Net.Dns]::GetHostName() } };    $encodedMsg = [BitConverter]::ToString([System.Text.Encoding]::UTF8.GetBytes($msg)).Replace('-', '');    $oscStart = "$([char]0x1b)]9278;";    $oscEnd = "`a";    $oscJsonMarker = 'd';    $oscParameterSeparator = ';';    Write-Host "${oscStart}${oscJsonMarker}${oscParameterSeparator}${encodedMsg}${oscEnd}";    return $null;}
Process ID: 48672
PSVersion: 7.6.6
PSEdition: Core
GitCommitId: 7.6.6
OS: Microsoft Windows 10.0.26300
Platform: Win32NT
PSCompatibleVersions: 1.0, 2.0, 3.0, 4.0, 5.0, 5.1, 6.0, 7.0
PSRemotingProtocolVersion: 2.4
SerializationVersion: 1.1.0.1
WSManStackVersion: 3.0
**********************
Frozen invocation order (including unmeasured warm-ups):
  01. warmup-control
  02. warmup-candidate
  03. control-01
  04. candidate-01
  05. control-02
  06. candidate-02
  07. control-03
  08. candidate-03
  09. control-04
  10. candidate-04
  11. control-05
  12. candidate-05
  13. control-06
  14. candidate-06
  15. control-07
  16. candidate-07
Creating detached native worktrees under C:\Users\yashk\AppData\Local\Temp\phase21-stage5-builds-20261009T142702733Z
Building control from d3a56ffadf0d9151a2b19fba4902a734a99bff96 with C:\ProgramData\chocolatey\lib\maven\apache-maven-3.9.16\bin\mvn.cmd
[INFO] Scanning for projects...
[WARNING]
[WARNING] Some problems were encountered while building the effective model for coeusyk.spring:engine-uci:jar:0.6.0-SNAPSHOT
[WARNING] 'build.plugins.plugin.version' for org.apache.maven.plugins:maven-jar-plugin is missing. @ line 50, column 21
[WARNING]
[WARNING] It is highly recommended to fix these problems because they threaten the stability of your build.
[WARNING]
[WARNING] For this reason, future Maven versions might no longer support building such malformed projects.
[WARNING]
[INFO] ------------------------------------------------------------------------
[INFO] Reactor Build Order:
[INFO]
[INFO] chess-engine                                                       [pom]
[INFO] engine-core                                                        [jar]
[INFO] engine-uci                                                         [jar]
[INFO]
[INFO] --------------------< coeusyk.spring:chess-engine >---------------------
[INFO] Building chess-engine 0.6.0-SNAPSHOT                               [1/3]
[INFO]   from pom.xml
[INFO] --------------------------------[ pom ]---------------------------------
[INFO]
[INFO] ---------------------< coeusyk.spring:engine-core >---------------------
[INFO] Building engine-core 0.6.0-SNAPSHOT                                [2/3]
[INFO]   from engine-core\pom.xml
[INFO] --------------------------------[ jar ]---------------------------------
[INFO]
[INFO] --- resources:3.4.0:resources (default-resources) @ engine-core ---
[INFO] skip non existing resourceDirectory C:\Users\yashk\AppData\Local\Temp\phase21-stage5-builds-20261009T142702733Z\control\engine-core\src\main\resources
[INFO]
[INFO] --- compiler:3.13.0:compile (default-compile) @ engine-core ---
[INFO] Recompiling the module because of changed source code.
[INFO] Compiling 69 source files with javac [debug release 21] to target\classes
[WARNING] using incubating module(s): jdk.incubator.vector
[WARNING] /C:/Users/yashk/AppData/Local/Temp/phase21-stage5-builds-20261009T142702733Z/control/engine-core/src/main/java/coeusyk/game/chess/core/eval/Evaluator.java:[501,18] deprecated item is not annotated with @Deprecated
[INFO]
[INFO] --- resources:3.4.0:testResources (default-testResources) @ engine-core ---
[INFO] Copying 7 resources from src\test\resources to target\test-classes
[INFO]
[INFO] --- compiler:3.13.0:testCompile (default-testCompile) @ engine-core ---
[INFO] Recompiling the module because of changed dependency.
[INFO] Compiling 64 source files with javac [debug release 21] to target\test-classes
[WARNING] using incubating module(s): jdk.incubator.vector
[INFO]
[INFO] --- surefire:3.2.5:test (default-test) @ engine-core ---
[INFO] Tests are skipped.
[INFO]
[INFO] --- jar:3.5.0:jar (default-jar) @ engine-core ---
[INFO] Building jar: C:\Users\yashk\AppData\Local\Temp\phase21-stage5-builds-20261009T142702733Z\control\engine-core\target\engine-core-0.6.0-SNAPSHOT.jar
[INFO]
[INFO] ---------------------< coeusyk.spring:engine-uci >----------------------
[INFO] Building engine-uci 0.6.0-SNAPSHOT                                 [3/3]
[INFO]   from engine-uci\pom.xml
[INFO] --------------------------------[ jar ]---------------------------------
[INFO]
[INFO] --- resources:3.4.0:resources (default-resources) @ engine-uci ---
[INFO] Copying 2 resources from src\main\resources to target\classes
[INFO]
[INFO] --- compiler:3.13.0:compile (default-compile) @ engine-uci ---
[INFO] Recompiling the module because of changed dependency.
[INFO] Compiling 4 source files with javac [debug release 21] to target\classes
[INFO]
[INFO] --- resources:3.4.0:testResources (default-testResources) @ engine-uci ---
[INFO] skip non existing resourceDirectory C:\Users\yashk\AppData\Local\Temp\phase21-stage5-builds-20261009T142702733Z\control\engine-uci\src\test\resources
[INFO]
[INFO] --- compiler:3.13.0:testCompile (default-testCompile) @ engine-uci ---
[INFO] Recompiling the module because of changed dependency.
[INFO] Compiling 4 source files with javac [debug release 21] to target\test-classes
[INFO]
[INFO] --- surefire:3.2.5:test (default-test) @ engine-uci ---
[INFO] Tests are skipped.
[INFO]
[INFO] --- jar:3.5.0:jar (default-jar) @ engine-uci ---
[INFO] Building jar: C:\Users\yashk\AppData\Local\Temp\phase21-stage5-builds-20261009T142702733Z\control\engine-uci\target\engine-uci-0.6.0-SNAPSHOT.jar
[INFO]
[INFO] --- shade:3.5.1:shade (default) @ engine-uci ---
[INFO] Including coeusyk.spring:engine-core:jar:0.6.0-SNAPSHOT in the shaded jar.
[INFO] Including org.slf4j:slf4j-api:jar:2.0.16 in the shaded jar.
[INFO] Including ch.qos.logback:logback-classic:jar:1.4.14 in the shaded jar.
[INFO] Including ch.qos.logback:logback-core:jar:1.4.14 in the shaded jar.
[WARNING] Discovered module-info.class. Shading will break its strong encapsulation.
[WARNING] Discovered module-info.class. Shading will break its strong encapsulation.
[WARNING] engine-core-0.6.0-SNAPSHOT.jar, engine-uci-0.6.0-SNAPSHOT.jar, logback-classic-1.4.14.jar, logback-core-1.4.14.jar, slf4j-api-2.0.16.jar define 1 overlapping resource:
[WARNING]   - META-INF/MANIFEST.MF
[WARNING] maven-shade-plugin has detected that some files are
[WARNING] present in two or more JARs. When this happens, only one
[WARNING] single version of the file is copied to the uber jar.
[WARNING] Usually this is not harmful and you can skip these warnings,
[WARNING] otherwise try to manually exclude artifacts based on
[WARNING] mvn dependency:tree -Ddetail=true and the above output.
[WARNING] See https://maven.apache.org/plugins/maven-shade-plugin/
[INFO] Replacing original artifact with shaded artifact.
[INFO] Replacing C:\Users\yashk\AppData\Local\Temp\phase21-stage5-builds-20261009T142702733Z\control\engine-uci\target\engine-uci-0.6.0-SNAPSHOT.jar with C:\Users\yashk\AppData\Local\Temp\phase21-stage5-builds-20261009T142702733Z\control\engine-uci\target\engine-uci-0.6.0-SNAPSHOT-shaded.jar
[INFO] ------------------------------------------------------------------------
[INFO] Reactor Summary for chess-engine 0.6.0-SNAPSHOT:
[INFO]
[INFO] chess-engine ....................................... SUCCESS [  0.002 s]
[INFO] engine-core ........................................ SUCCESS [  5.974 s]
[INFO] engine-uci ......................................... SUCCESS [  1.121 s]
[INFO] ------------------------------------------------------------------------
[INFO] BUILD SUCCESS
[INFO] ------------------------------------------------------------------------
[INFO] Total time:  7.883 s
[INFO] Finished at: 2026-10-09T19:57:17+05:30
[INFO] ------------------------------------------------------------------------
control JAR SHA-256: 8b31e3bd9a44523f94158b3719b1845845505e9a07af64e1dccf3ae3f77b0222
Building candidate from e90d3d4f90b244c46e8bbf75c33222bba7d58003 with C:\ProgramData\chocolatey\lib\maven\apache-maven-3.9.16\bin\mvn.cmd
[INFO] Scanning for projects...
[WARNING]
[WARNING] Some problems were encountered while building the effective model for coeusyk.spring:engine-uci:jar:0.6.0-SNAPSHOT
[WARNING] 'build.plugins.plugin.version' for org.apache.maven.plugins:maven-jar-plugin is missing. @ line 50, column 21
[WARNING]
[WARNING] It is highly recommended to fix these problems because they threaten the stability of your build.
[WARNING]
[WARNING] For this reason, future Maven versions might no longer support building such malformed projects.
[WARNING]
[INFO] ------------------------------------------------------------------------
[INFO] Reactor Build Order:
[INFO]
[INFO] chess-engine                                                       [pom]
[INFO] engine-core                                                        [jar]
[INFO] engine-uci                                                         [jar]
[INFO]
[INFO] --------------------< coeusyk.spring:chess-engine >---------------------
[INFO] Building chess-engine 0.6.0-SNAPSHOT                               [1/3]
[INFO]   from pom.xml
[INFO] --------------------------------[ pom ]---------------------------------
[INFO]
[INFO] ---------------------< coeusyk.spring:engine-core >---------------------
[INFO] Building engine-core 0.6.0-SNAPSHOT                                [2/3]
[INFO]   from engine-core\pom.xml
[INFO] --------------------------------[ jar ]---------------------------------
[INFO]
[INFO] --- resources:3.4.0:resources (default-resources) @ engine-core ---
[INFO] skip non existing resourceDirectory C:\Users\yashk\AppData\Local\Temp\phase21-stage5-builds-20261009T142702733Z\candidate\engine-core\src\main\resources
[INFO]
[INFO] --- compiler:3.13.0:compile (default-compile) @ engine-core ---
[INFO] Recompiling the module because of changed source code.
[INFO] Compiling 69 source files with javac [debug release 21] to target\classes
[WARNING] using incubating module(s): jdk.incubator.vector
[WARNING] /C:/Users/yashk/AppData/Local/Temp/phase21-stage5-builds-20261009T142702733Z/candidate/engine-core/src/main/java/coeusyk/game/chess/core/eval/Evaluator.java:[501,18] deprecated item is not annotated with @Deprecated
[INFO]
[INFO] --- resources:3.4.0:testResources (default-testResources) @ engine-core ---
[INFO] Copying 7 resources from src\test\resources to target\test-classes
[INFO]
[INFO] --- compiler:3.13.0:testCompile (default-testCompile) @ engine-core ---
[INFO] Recompiling the module because of changed dependency.
[INFO] Compiling 64 source files with javac [debug release 21] to target\test-classes
[WARNING] using incubating module(s): jdk.incubator.vector
[INFO]
[INFO] --- surefire:3.2.5:test (default-test) @ engine-core ---
[INFO] Tests are skipped.
[INFO]
[INFO] --- jar:3.5.0:jar (default-jar) @ engine-core ---
[INFO] Building jar: C:\Users\yashk\AppData\Local\Temp\phase21-stage5-builds-20261009T142702733Z\candidate\engine-core\target\engine-core-0.6.0-SNAPSHOT.jar
[INFO]
[INFO] ---------------------< coeusyk.spring:engine-uci >----------------------
[INFO] Building engine-uci 0.6.0-SNAPSHOT                                 [3/3]
[INFO]   from engine-uci\pom.xml
[INFO] --------------------------------[ jar ]---------------------------------
[INFO]
[INFO] --- resources:3.4.0:resources (default-resources) @ engine-uci ---
[INFO] Copying 2 resources from src\main\resources to target\classes
[INFO]
[INFO] --- compiler:3.13.0:compile (default-compile) @ engine-uci ---
[INFO] Recompiling the module because of changed dependency.
[INFO] Compiling 4 source files with javac [debug release 21] to target\classes
[INFO]
[INFO] --- resources:3.4.0:testResources (default-testResources) @ engine-uci ---
[INFO] skip non existing resourceDirectory C:\Users\yashk\AppData\Local\Temp\phase21-stage5-builds-20261009T142702733Z\candidate\engine-uci\src\test\resources
[INFO]
[INFO] --- compiler:3.13.0:testCompile (default-testCompile) @ engine-uci ---
[INFO] Recompiling the module because of changed dependency.
[INFO] Compiling 4 source files with javac [debug release 21] to target\test-classes
[INFO]
[INFO] --- surefire:3.2.5:test (default-test) @ engine-uci ---
[INFO] Tests are skipped.
[INFO]
[INFO] --- jar:3.5.0:jar (default-jar) @ engine-uci ---
[INFO] Building jar: C:\Users\yashk\AppData\Local\Temp\phase21-stage5-builds-20261009T142702733Z\candidate\engine-uci\target\engine-uci-0.6.0-SNAPSHOT.jar
[INFO]
[INFO] --- shade:3.5.1:shade (default) @ engine-uci ---
[INFO] Including coeusyk.spring:engine-core:jar:0.6.0-SNAPSHOT in the shaded jar.
[INFO] Including org.slf4j:slf4j-api:jar:2.0.16 in the shaded jar.
[INFO] Including ch.qos.logback:logback-classic:jar:1.4.14 in the shaded jar.
[INFO] Including ch.qos.logback:logback-core:jar:1.4.14 in the shaded jar.
[WARNING] Discovered module-info.class. Shading will break its strong encapsulation.
[WARNING] Discovered module-info.class. Shading will break its strong encapsulation.
[WARNING] engine-core-0.6.0-SNAPSHOT.jar, engine-uci-0.6.0-SNAPSHOT.jar, logback-classic-1.4.14.jar, logback-core-1.4.14.jar, slf4j-api-2.0.16.jar define 1 overlapping resource:
[WARNING]   - META-INF/MANIFEST.MF
[WARNING] maven-shade-plugin has detected that some files are
[WARNING] present in two or more JARs. When this happens, only one
[WARNING] single version of the file is copied to the uber jar.
[WARNING] Usually this is not harmful and you can skip these warnings,
[WARNING] otherwise try to manually exclude artifacts based on
[WARNING] mvn dependency:tree -Ddetail=true and the above output.
[WARNING] See https://maven.apache.org/plugins/maven-shade-plugin/
[INFO] Replacing original artifact with shaded artifact.
[INFO] Replacing C:\Users\yashk\AppData\Local\Temp\phase21-stage5-builds-20261009T142702733Z\candidate\engine-uci\target\engine-uci-0.6.0-SNAPSHOT.jar with C:\Users\yashk\AppData\Local\Temp\phase21-stage5-builds-20261009T142702733Z\candidate\engine-uci\target\engine-uci-0.6.0-SNAPSHOT-shaded.jar
[INFO] ------------------------------------------------------------------------
[INFO] Reactor Summary for chess-engine 0.6.0-SNAPSHOT:
[INFO]
[INFO] chess-engine ....................................... SUCCESS [  0.000 s]
[INFO] engine-core ........................................ SUCCESS [  3.373 s]
[INFO] engine-uci ......................................... SUCCESS [  0.685 s]
[INFO] ------------------------------------------------------------------------
[INFO] BUILD SUCCESS
[INFO] ------------------------------------------------------------------------
[INFO] Total time:  4.280 s
[INFO] Finished at: 2026-10-09T19:57:25+05:30
[INFO] ------------------------------------------------------------------------
candidate JAR SHA-256: 64c5efab060f6c8a4ba98d6162af39ab956f8c0c75d8521639d1af9bb5705553
RUN 1: warmup-control
WARNING: Using incubator modules: jdk.incubator.vector
Bench   : depth 13 | hash 16 MB | 31 positions | evaluator Classical | instrumentation off
   1/31  nodes=528398        depth=13
   2/31  nodes=3475078       depth=13
   3/31  nodes=7568          depth=13
   4/31  nodes=605659        depth=13
   5/31  nodes=444366        depth=13
   6/31  nodes=1549645       depth=13
   7/31  nodes=634214        depth=13
   8/31  nodes=994398        depth=13
   9/31  nodes=944419        depth=13
  10/31  nodes=258683        depth=13
  11/31  nodes=1463870       depth=13
  12/31  nodes=106151        depth=13
  13/31  nodes=19151         depth=13
  14/31  nodes=134731        depth=13
  15/31  nodes=1523227       depth=13
  16/31  nodes=939472        depth=13
  17/31  nodes=815181        depth=13
  18/31  nodes=467210        depth=13
  19/31  nodes=1369277       depth=13
  20/31  nodes=437737        depth=13
  21/31  nodes=150814        depth=13
  22/31  nodes=2172114       depth=13
  23/31  nodes=581587        depth=13
  24/31  nodes=176857        depth=13
  25/31  nodes=57130         depth=13
  26/31  nodes=145819        depth=13
  27/31  nodes=47736         depth=13
  28/31  nodes=72278         depth=13
  29/31  nodes=1825906       depth=13
  30/31  nodes=2053406       depth=13
  31/31  nodes=777967        depth=13

Nodes searched: 24780049
Time  : 69311 ms
NPS   : 357519
Eval time: 0.0% | Accumulator-update time: 0.0% | PV evals: 3033 | Cut evals: 27597989
RUN 2: warmup-candidate
WARNING: Using incubator modules: jdk.incubator.vector
Bench   : depth 13 | hash 16 MB | 31 positions | evaluator Classical | instrumentation off
   1/31  nodes=503502        depth=13
   2/31  nodes=3719319       depth=13
   3/31  nodes=9081          depth=13
   4/31  nodes=856243        depth=13
   5/31  nodes=421737        depth=13
   6/31  nodes=983092        depth=13
   7/31  nodes=532753        depth=13
   8/31  nodes=761682        depth=13
   9/31  nodes=1065327       depth=13
  10/31  nodes=224527        depth=13
  11/31  nodes=371551        depth=13
  12/31  nodes=113241        depth=13
  13/31  nodes=19767         depth=13
  14/31  nodes=189541        depth=13
  15/31  nodes=1172659       depth=13
  16/31  nodes=777022        depth=13
  17/31  nodes=639344        depth=13
  18/31  nodes=452728        depth=13
  19/31  nodes=1206922       depth=13
  20/31  nodes=381362        depth=13
  21/31  nodes=169381        depth=13
  22/31  nodes=1759077       depth=13
  23/31  nodes=612390        depth=13
  24/31  nodes=172663        depth=13
  25/31  nodes=53667         depth=13
  26/31  nodes=216932        depth=13
  27/31  nodes=48453         depth=13
  28/31  nodes=64657         depth=13
  29/31  nodes=1442772       depth=13
  30/31  nodes=1789736       depth=13
  31/31  nodes=982156        depth=13

Nodes searched: 21713284
Time  : 62420 ms
NPS   : 347857
Eval time: 0.0% | Accumulator-update time: 0.0% | PV evals: 16754 | Cut evals: 24473235

Both discarded warm-ups completed. The measured order is frozen and will not be adapted.
Confirm this is the specified idle host with no competing CPU-intensive workload.
RUN 3: control-01
WARNING: Using incubator modules: jdk.incubator.vector
Bench   : depth 13 | hash 16 MB | 31 positions | evaluator Classical | instrumentation off
   1/31  nodes=528398        depth=13
   2/31  nodes=3475078       depth=13
   3/31  nodes=7568          depth=13
   4/31  nodes=605659        depth=13
   5/31  nodes=444366        depth=13
   6/31  nodes=1549645       depth=13
   7/31  nodes=634214        depth=13
   8/31  nodes=994398        depth=13
   9/31  nodes=944419        depth=13
  10/31  nodes=258683        depth=13
  11/31  nodes=1463870       depth=13
  12/31  nodes=106151        depth=13
  13/31  nodes=19151         depth=13
  14/31  nodes=134731        depth=13
  15/31  nodes=1523227       depth=13
  16/31  nodes=939472        depth=13
  17/31  nodes=815181        depth=13
  18/31  nodes=467210        depth=13
  19/31  nodes=1369277       depth=13
  20/31  nodes=437737        depth=13
  21/31  nodes=150814        depth=13
  22/31  nodes=2172114       depth=13
  23/31  nodes=581587        depth=13
  24/31  nodes=176857        depth=13
  25/31  nodes=57130         depth=13
  26/31  nodes=145819        depth=13
  27/31  nodes=47736         depth=13
  28/31  nodes=72278         depth=13
  29/31  nodes=1825906       depth=13
  30/31  nodes=2053406       depth=13
  31/31  nodes=777967        depth=13

Nodes searched: 24780049
Time  : 68156 ms
NPS   : 363578
Eval time: 0.0% | Accumulator-update time: 0.0% | PV evals: 3033 | Cut evals: 27597989
RUN 4: candidate-01
WARNING: Using incubator modules: jdk.incubator.vector
Bench   : depth 13 | hash 16 MB | 31 positions | evaluator Classical | instrumentation off
   1/31  nodes=503502        depth=13
   2/31  nodes=3719319       depth=13
   3/31  nodes=9081          depth=13
   4/31  nodes=856243        depth=13
   5/31  nodes=421737        depth=13
   6/31  nodes=983092        depth=13
   7/31  nodes=532753        depth=13
   8/31  nodes=761682        depth=13
   9/31  nodes=1065327       depth=13
  10/31  nodes=224527        depth=13
  11/31  nodes=371551        depth=13
  12/31  nodes=113241        depth=13
  13/31  nodes=19767         depth=13
  14/31  nodes=189541        depth=13
  15/31  nodes=1172659       depth=13
  16/31  nodes=777022        depth=13
  17/31  nodes=639344        depth=13
  18/31  nodes=452728        depth=13
  19/31  nodes=1206922       depth=13
  20/31  nodes=381362        depth=13
  21/31  nodes=169381        depth=13
  22/31  nodes=1759077       depth=13
  23/31  nodes=612390        depth=13
  24/31  nodes=172663        depth=13
  25/31  nodes=53667         depth=13
  26/31  nodes=216932        depth=13
  27/31  nodes=48453         depth=13
  28/31  nodes=64657         depth=13
  29/31  nodes=1442772       depth=13
  30/31  nodes=1789736       depth=13
  31/31  nodes=982156        depth=13

Nodes searched: 21713284
Time  : 64642 ms
NPS   : 335900
Eval time: 0.0% | Accumulator-update time: 0.0% | PV evals: 16754 | Cut evals: 24473235
RUN 5: control-02
WARNING: Using incubator modules: jdk.incubator.vector
Bench   : depth 13 | hash 16 MB | 31 positions | evaluator Classical | instrumentation off
   1/31  nodes=528398        depth=13
   2/31  nodes=3475078       depth=13
   3/31  nodes=7568          depth=13
   4/31  nodes=605659        depth=13
   5/31  nodes=444366        depth=13
   6/31  nodes=1549645       depth=13
   7/31  nodes=634214        depth=13
   8/31  nodes=994398        depth=13
   9/31  nodes=944419        depth=13
  10/31  nodes=258683        depth=13
  11/31  nodes=1463870       depth=13
  12/31  nodes=106151        depth=13
  13/31  nodes=19151         depth=13
  14/31  nodes=134731        depth=13
  15/31  nodes=1523227       depth=13
  16/31  nodes=939472        depth=13
  17/31  nodes=815181        depth=13
  18/31  nodes=467210        depth=13
  19/31  nodes=1369277       depth=13
  20/31  nodes=437737        depth=13
  21/31  nodes=150814        depth=13
  22/31  nodes=2172114       depth=13
  23/31  nodes=581587        depth=13
  24/31  nodes=176857        depth=13
  25/31  nodes=57130         depth=13
  26/31  nodes=145819        depth=13
  27/31  nodes=47736         depth=13
  28/31  nodes=72278         depth=13
  29/31  nodes=1825906       depth=13
  30/31  nodes=2053406       depth=13
  31/31  nodes=777967        depth=13

Nodes searched: 24780049
Time  : 74308 ms
NPS   : 333477
Eval time: 0.0% | Accumulator-update time: 0.0% | PV evals: 3033 | Cut evals: 27597989
RUN 6: candidate-02
WARNING: Using incubator modules: jdk.incubator.vector
Bench   : depth 13 | hash 16 MB | 31 positions | evaluator Classical | instrumentation off
   1/31  nodes=503502        depth=13
   2/31  nodes=3719319       depth=13
   3/31  nodes=9081          depth=13
   4/31  nodes=856243        depth=13
   5/31  nodes=421737        depth=13
   6/31  nodes=983092        depth=13
   7/31  nodes=532753        depth=13
   8/31  nodes=761682        depth=13
   9/31  nodes=1065327       depth=13
  10/31  nodes=224527        depth=13
  11/31  nodes=371551        depth=13
  12/31  nodes=113241        depth=13
  13/31  nodes=19767         depth=13
  14/31  nodes=189541        depth=13
  15/31  nodes=1172659       depth=13
  16/31  nodes=777022        depth=13
  17/31  nodes=639344        depth=13
  18/31  nodes=452728        depth=13
  19/31  nodes=1206922       depth=13
  20/31  nodes=381362        depth=13
  21/31  nodes=169381        depth=13
  22/31  nodes=1759077       depth=13
  23/31  nodes=612390        depth=13
  24/31  nodes=172663        depth=13
  25/31  nodes=53667         depth=13
  26/31  nodes=216932        depth=13
  27/31  nodes=48453         depth=13
  28/31  nodes=64657         depth=13
  29/31  nodes=1442772       depth=13
  30/31  nodes=1789736       depth=13
  31/31  nodes=982156        depth=13

Nodes searched: 21713284
Time  : 62732 ms
NPS   : 346127
Eval time: 0.0% | Accumulator-update time: 0.0% | PV evals: 16754 | Cut evals: 24473235
RUN 7: control-03
WARNING: Using incubator modules: jdk.incubator.vector
Bench   : depth 13 | hash 16 MB | 31 positions | evaluator Classical | instrumentation off
   1/31  nodes=528398        depth=13
   2/31  nodes=3475078       depth=13
   3/31  nodes=7568          depth=13
   4/31  nodes=605659        depth=13
   5/31  nodes=444366        depth=13
   6/31  nodes=1549645       depth=13
   7/31  nodes=634214        depth=13
   8/31  nodes=994398        depth=13
   9/31  nodes=944419        depth=13
  10/31  nodes=258683        depth=13
  11/31  nodes=1463870       depth=13
  12/31  nodes=106151        depth=13
  13/31  nodes=19151         depth=13
  14/31  nodes=134731        depth=13
  15/31  nodes=1523227       depth=13
  16/31  nodes=939472        depth=13
  17/31  nodes=815181        depth=13
  18/31  nodes=467210        depth=13
  19/31  nodes=1369277       depth=13
  20/31  nodes=437737        depth=13
  21/31  nodes=150814        depth=13
  22/31  nodes=2172114       depth=13
  23/31  nodes=581587        depth=13
  24/31  nodes=176857        depth=13
  25/31  nodes=57130         depth=13
  26/31  nodes=145819        depth=13
  27/31  nodes=47736         depth=13
  28/31  nodes=72278         depth=13
  29/31  nodes=1825906       depth=13
  30/31  nodes=2053406       depth=13
  31/31  nodes=777967        depth=13

Nodes searched: 24780049
Time  : 71795 ms
NPS   : 345150
Eval time: 0.0% | Accumulator-update time: 0.0% | PV evals: 3033 | Cut evals: 27597989
RUN 8: candidate-03
WARNING: Using incubator modules: jdk.incubator.vector
Bench   : depth 13 | hash 16 MB | 31 positions | evaluator Classical | instrumentation off
   1/31  nodes=503502        depth=13
   2/31  nodes=3719319       depth=13
   3/31  nodes=9081          depth=13
   4/31  nodes=856243        depth=13
   5/31  nodes=421737        depth=13
   6/31  nodes=983092        depth=13
   7/31  nodes=532753        depth=13
   8/31  nodes=761682        depth=13
   9/31  nodes=1065327       depth=13
  10/31  nodes=224527        depth=13
  11/31  nodes=371551        depth=13
  12/31  nodes=113241        depth=13
  13/31  nodes=19767         depth=13
  14/31  nodes=189541        depth=13
  15/31  nodes=1172659       depth=13
  16/31  nodes=777022        depth=13
  17/31  nodes=639344        depth=13
  18/31  nodes=452728        depth=13
  19/31  nodes=1206922       depth=13
  20/31  nodes=381362        depth=13
  21/31  nodes=169381        depth=13
  22/31  nodes=1759077       depth=13
  23/31  nodes=612390        depth=13
  24/31  nodes=172663        depth=13
  25/31  nodes=53667         depth=13
  26/31  nodes=216932        depth=13
  27/31  nodes=48453         depth=13
  28/31  nodes=64657         depth=13
  29/31  nodes=1442772       depth=13
  30/31  nodes=1789736       depth=13
  31/31  nodes=982156        depth=13

Nodes searched: 21713284
Time  : 61268 ms
NPS   : 354398
Eval time: 0.0% | Accumulator-update time: 0.0% | PV evals: 16754 | Cut evals: 24473235
RUN 9: control-04
WARNING: Using incubator modules: jdk.incubator.vector
Bench   : depth 13 | hash 16 MB | 31 positions | evaluator Classical | instrumentation off
   1/31  nodes=528398        depth=13
   2/31  nodes=3475078       depth=13
   3/31  nodes=7568          depth=13
   4/31  nodes=605659        depth=13
   5/31  nodes=444366        depth=13
   6/31  nodes=1549645       depth=13
   7/31  nodes=634214        depth=13
   8/31  nodes=994398        depth=13
   9/31  nodes=944419        depth=13
  10/31  nodes=258683        depth=13
  11/31  nodes=1463870       depth=13
  12/31  nodes=106151        depth=13
  13/31  nodes=19151         depth=13
  14/31  nodes=134731        depth=13
  15/31  nodes=1523227       depth=13
  16/31  nodes=939472        depth=13
  17/31  nodes=815181        depth=13
  18/31  nodes=467210        depth=13
  19/31  nodes=1369277       depth=13
  20/31  nodes=437737        depth=13
  21/31  nodes=150814        depth=13
  22/31  nodes=2172114       depth=13
  23/31  nodes=581587        depth=13
  24/31  nodes=176857        depth=13
  25/31  nodes=57130         depth=13
  26/31  nodes=145819        depth=13
  27/31  nodes=47736         depth=13
  28/31  nodes=72278         depth=13
  29/31  nodes=1825906       depth=13
  30/31  nodes=2053406       depth=13
  31/31  nodes=777967        depth=13

Nodes searched: 24780049
Time  : 71439 ms
NPS   : 346870
Eval time: 0.0% | Accumulator-update time: 0.0% | PV evals: 3033 | Cut evals: 27597989
RUN 10: candidate-04
WARNING: Using incubator modules: jdk.incubator.vector
Bench   : depth 13 | hash 16 MB | 31 positions | evaluator Classical | instrumentation off
   1/31  nodes=503502        depth=13
   2/31  nodes=3719319       depth=13
   3/31  nodes=9081          depth=13
   4/31  nodes=856243        depth=13
   5/31  nodes=421737        depth=13
   6/31  nodes=983092        depth=13
   7/31  nodes=532753        depth=13
   8/31  nodes=761682        depth=13
   9/31  nodes=1065327       depth=13
  10/31  nodes=224527        depth=13
  11/31  nodes=371551        depth=13
  12/31  nodes=113241        depth=13
  13/31  nodes=19767         depth=13
  14/31  nodes=189541        depth=13
  15/31  nodes=1172659       depth=13
  16/31  nodes=777022        depth=13
  17/31  nodes=639344        depth=13
  18/31  nodes=452728        depth=13
  19/31  nodes=1206922       depth=13
  20/31  nodes=381362        depth=13
  21/31  nodes=169381        depth=13
  22/31  nodes=1759077       depth=13
  23/31  nodes=612390        depth=13
  24/31  nodes=172663        depth=13
  25/31  nodes=53667         depth=13
  26/31  nodes=216932        depth=13
  27/31  nodes=48453         depth=13
  28/31  nodes=64657         depth=13
  29/31  nodes=1442772       depth=13
  30/31  nodes=1789736       depth=13
  31/31  nodes=982156        depth=13

Nodes searched: 21713284
Time  : 61492 ms
NPS   : 353107
Eval time: 0.0% | Accumulator-update time: 0.0% | PV evals: 16754 | Cut evals: 24473235
RUN 11: control-05
WARNING: Using incubator modules: jdk.incubator.vector
Bench   : depth 13 | hash 16 MB | 31 positions | evaluator Classical | instrumentation off
   1/31  nodes=528398        depth=13
   2/31  nodes=3475078       depth=13
   3/31  nodes=7568          depth=13
   4/31  nodes=605659        depth=13
   5/31  nodes=444366        depth=13
   6/31  nodes=1549645       depth=13
   7/31  nodes=634214        depth=13
   8/31  nodes=994398        depth=13
   9/31  nodes=944419        depth=13
  10/31  nodes=258683        depth=13
  11/31  nodes=1463870       depth=13
  12/31  nodes=106151        depth=13
  13/31  nodes=19151         depth=13
  14/31  nodes=134731        depth=13
  15/31  nodes=1523227       depth=13
  16/31  nodes=939472        depth=13
  17/31  nodes=815181        depth=13
  18/31  nodes=467210        depth=13
  19/31  nodes=1369277       depth=13
  20/31  nodes=437737        depth=13
  21/31  nodes=150814        depth=13
  22/31  nodes=2172114       depth=13
  23/31  nodes=581587        depth=13
  24/31  nodes=176857        depth=13
  25/31  nodes=57130         depth=13
  26/31  nodes=145819        depth=13
  27/31  nodes=47736         depth=13
  28/31  nodes=72278         depth=13
  29/31  nodes=1825906       depth=13
  30/31  nodes=2053406       depth=13
  31/31  nodes=777967        depth=13

Nodes searched: 24780049
Time  : 74895 ms
NPS   : 330863
Eval time: 0.0% | Accumulator-update time: 0.0% | PV evals: 3033 | Cut evals: 27597989
RUN 12: candidate-05
WARNING: Using incubator modules: jdk.incubator.vector
Bench   : depth 13 | hash 16 MB | 31 positions | evaluator Classical | instrumentation off
   1/31  nodes=503502        depth=13
   2/31  nodes=3719319       depth=13
   3/31  nodes=9081          depth=13
   4/31  nodes=856243        depth=13
   5/31  nodes=421737        depth=13
   6/31  nodes=983092        depth=13
   7/31  nodes=532753        depth=13
   8/31  nodes=761682        depth=13
   9/31  nodes=1065327       depth=13
  10/31  nodes=224527        depth=13
  11/31  nodes=371551        depth=13
  12/31  nodes=113241        depth=13
  13/31  nodes=19767         depth=13
  14/31  nodes=189541        depth=13
  15/31  nodes=1172659       depth=13
  16/31  nodes=777022        depth=13
  17/31  nodes=639344        depth=13
  18/31  nodes=452728        depth=13
  19/31  nodes=1206922       depth=13
  20/31  nodes=381362        depth=13
  21/31  nodes=169381        depth=13
  22/31  nodes=1759077       depth=13
  23/31  nodes=612390        depth=13
  24/31  nodes=172663        depth=13
  25/31  nodes=53667         depth=13
  26/31  nodes=216932        depth=13
  27/31  nodes=48453         depth=13
  28/31  nodes=64657         depth=13
  29/31  nodes=1442772       depth=13
  30/31  nodes=1789736       depth=13
  31/31  nodes=982156        depth=13

Nodes searched: 21713284
Time  : 67600 ms
NPS   : 321202
Eval time: 0.0% | Accumulator-update time: 0.0% | PV evals: 16754 | Cut evals: 24473235
RUN 13: control-06
WARNING: Using incubator modules: jdk.incubator.vector
Bench   : depth 13 | hash 16 MB | 31 positions | evaluator Classical | instrumentation off
   1/31  nodes=528398        depth=13
   2/31  nodes=3475078       depth=13
   3/31  nodes=7568          depth=13
   4/31  nodes=605659        depth=13
   5/31  nodes=444366        depth=13
   6/31  nodes=1549645       depth=13
   7/31  nodes=634214        depth=13
   8/31  nodes=994398        depth=13
   9/31  nodes=944419        depth=13
  10/31  nodes=258683        depth=13
  11/31  nodes=1463870       depth=13
  12/31  nodes=106151        depth=13
  13/31  nodes=19151         depth=13
  14/31  nodes=134731        depth=13
  15/31  nodes=1523227       depth=13
  16/31  nodes=939472        depth=13
  17/31  nodes=815181        depth=13
  18/31  nodes=467210        depth=13
  19/31  nodes=1369277       depth=13
  20/31  nodes=437737        depth=13
  21/31  nodes=150814        depth=13
  22/31  nodes=2172114       depth=13
  23/31  nodes=581587        depth=13
  24/31  nodes=176857        depth=13
  25/31  nodes=57130         depth=13
  26/31  nodes=145819        depth=13
  27/31  nodes=47736         depth=13
  28/31  nodes=72278         depth=13
  29/31  nodes=1825906       depth=13
  30/31  nodes=2053406       depth=13
  31/31  nodes=777967        depth=13

Nodes searched: 24780049
Time  : 80462 ms
NPS   : 307972
Eval time: 0.0% | Accumulator-update time: 0.0% | PV evals: 3033 | Cut evals: 27597989
RUN 14: candidate-06
WARNING: Using incubator modules: jdk.incubator.vector
Bench   : depth 13 | hash 16 MB | 31 positions | evaluator Classical | instrumentation off
   1/31  nodes=503502        depth=13
   2/31  nodes=3719319       depth=13
   3/31  nodes=9081          depth=13
   4/31  nodes=856243        depth=13
   5/31  nodes=421737        depth=13
   6/31  nodes=983092        depth=13
   7/31  nodes=532753        depth=13
   8/31  nodes=761682        depth=13
   9/31  nodes=1065327       depth=13
  10/31  nodes=224527        depth=13
  11/31  nodes=371551        depth=13
  12/31  nodes=113241        depth=13
  13/31  nodes=19767         depth=13
  14/31  nodes=189541        depth=13
  15/31  nodes=1172659       depth=13
  16/31  nodes=777022        depth=13
  17/31  nodes=639344        depth=13
  18/31  nodes=452728        depth=13
  19/31  nodes=1206922       depth=13
  20/31  nodes=381362        depth=13
  21/31  nodes=169381        depth=13
  22/31  nodes=1759077       depth=13
  23/31  nodes=612390        depth=13
  24/31  nodes=172663        depth=13
  25/31  nodes=53667         depth=13
  26/31  nodes=216932        depth=13
  27/31  nodes=48453         depth=13
  28/31  nodes=64657         depth=13
  29/31  nodes=1442772       depth=13
  30/31  nodes=1789736       depth=13
  31/31  nodes=982156        depth=13

Nodes searched: 21713284
Time  : 61939 ms
NPS   : 350559
Eval time: 0.0% | Accumulator-update time: 0.0% | PV evals: 16754 | Cut evals: 24473235
RUN 15: control-07
WARNING: Using incubator modules: jdk.incubator.vector
Bench   : depth 13 | hash 16 MB | 31 positions | evaluator Classical | instrumentation off
   1/31  nodes=528398        depth=13
   2/31  nodes=3475078       depth=13
   3/31  nodes=7568          depth=13
   4/31  nodes=605659        depth=13
   5/31  nodes=444366        depth=13
   6/31  nodes=1549645       depth=13
   7/31  nodes=634214        depth=13
   8/31  nodes=994398        depth=13
   9/31  nodes=944419        depth=13
  10/31  nodes=258683        depth=13
  11/31  nodes=1463870       depth=13
  12/31  nodes=106151        depth=13
  13/31  nodes=19151         depth=13
  14/31  nodes=134731        depth=13
  15/31  nodes=1523227       depth=13
  16/31  nodes=939472        depth=13
  17/31  nodes=815181        depth=13
  18/31  nodes=467210        depth=13
  19/31  nodes=1369277       depth=13
  20/31  nodes=437737        depth=13
  21/31  nodes=150814        depth=13
  22/31  nodes=2172114       depth=13
  23/31  nodes=581587        depth=13
  24/31  nodes=176857        depth=13
  25/31  nodes=57130         depth=13
  26/31  nodes=145819        depth=13
  27/31  nodes=47736         depth=13
  28/31  nodes=72278         depth=13
  29/31  nodes=1825906       depth=13
  30/31  nodes=2053406       depth=13
  31/31  nodes=777967        depth=13

Nodes searched: 24780049
Time  : 69250 ms
NPS   : 357834
Eval time: 0.0% | Accumulator-update time: 0.0% | PV evals: 3033 | Cut evals: 27597989
RUN 16: candidate-07
WARNING: Using incubator modules: jdk.incubator.vector
Bench   : depth 13 | hash 16 MB | 31 positions | evaluator Classical | instrumentation off
   1/31  nodes=503502        depth=13
   2/31  nodes=3719319       depth=13
   3/31  nodes=9081          depth=13
   4/31  nodes=856243        depth=13
   5/31  nodes=421737        depth=13
   6/31  nodes=983092        depth=13
   7/31  nodes=532753        depth=13
   8/31  nodes=761682        depth=13
   9/31  nodes=1065327       depth=13
  10/31  nodes=224527        depth=13
  11/31  nodes=371551        depth=13
  12/31  nodes=113241        depth=13
  13/31  nodes=19767         depth=13
  14/31  nodes=189541        depth=13
  15/31  nodes=1172659       depth=13
  16/31  nodes=777022        depth=13
  17/31  nodes=639344        depth=13
  18/31  nodes=452728        depth=13
  19/31  nodes=1206922       depth=13
  20/31  nodes=381362        depth=13
  21/31  nodes=169381        depth=13
  22/31  nodes=1759077       depth=13
  23/31  nodes=612390        depth=13
  24/31  nodes=172663        depth=13
  25/31  nodes=53667         depth=13
  26/31  nodes=216932        depth=13
  27/31  nodes=48453         depth=13
  28/31  nodes=64657         depth=13
  29/31  nodes=1442772       depth=13
  30/31  nodes=1789736       depth=13
  31/31  nodes=982156        depth=13

Nodes searched: 21713284
Time  : 63889 ms
NPS   : 339859
Eval time: 0.0% | Accumulator-update time: 0.0% | PV evals: 16754 | Cut evals: 24473235
Stage 5 gate: PASS
Candidate median elapsed / control median: 0.87376558256146
Candidate median NPS: 346127; aggregate NPS: 342664; floor: 301116
Results: C:\Users\yashk\WorkDir\Projects\ChessEngine\chess-engine\tools\results\phase21-stage5\20261009T142702733Z
**********************
PowerShell transcript end
End time: 20261009202405
**********************
